 ⨯ Error: Cannot find module './chunks/vendor-chunks/next.js'
Require stack:
- C:\Users\Admin\Desktop\sharik-digital-site\.next\server\webpack-runtime.js
- C:\Users\Admin\Desktop\sharik-digital-site\.next\server\pages\_document.js
- C:\Users\Admin\Desktop\sharik-digital-site\node_modules\next\dist\server\require.js
- C:\Users\Admin\Desktop\sharik-digital-site\node_modules\next\dist\server\next-server.js
- C:\Users\Admin\Desktop\sharik-digital-site\node_modules\next\dist\server\next.js
- C:\Users\Admin\Desktop\sharik-digital-site\node_modules\next\dist\server\lib\start-server.js
- C:\Users\Admin\Desktop\sharik-digital-site\node_modules\next\dist\cli\next-start.js
    at Function.<anonymous> (node:internal/modules/cjs/loader:1383:15)
    at C:\Users\Admin\Desktop\sharik-digital-site\node_modules\next\dist\server\require-hook.js:55:36
    at defaultResolveImpl (node:internal/modules/cjs/loader:1025:19)
    at resolveForCJSWithHooks (node:internal/modules/cjs/loader:1030:22)
    at Function._load (node:internal/modules/cjs/loader:1192:37)
    at TracingChannel.traceSync (node:diagnostics_channel:322:14)
    at wrapModuleLoad (node:internal/modules/cjs/loader:237:24)
    at Module.<anonymous> (node:internal/modules/cjs/loader:1463:12)
    at mod.require (C:\Users\Admin\Desktop\sharik-digital-site\node_modules\next\dist\server\require-hook.js:65:28)
    at require (node:internal/modules/helpers:147:16) {
  code: 'MODULE_NOT_FOUND',
  requireStack: [
    'C:\\Users\\Admin\\Desktop\\sharik-digital-site\\.next\\server\\webpack-runtime.js',
    'C:\\Users\\Admin\\Desktop\\sharik-digital-site\\.next\\server\\pages\\_document.js',
    'C:\\Users\\Admin\\Desktop\\sharik-digital-site\\node_modules\\next\\dist\\server\\require.js',
    'C:\\Users\\Admin\\Desktop\\sharik-digital-site\\node_modules\\next\\dist\\server\\next-server.js',
    'C:\\Users\\Admin\\Desktop\\sharik-digital-site\\node_modules\\next\\dist\\server\\next.js',
    'C:\\Users\\Admin\\Desktop\\sharik-digital-site\\node_modules\\next\\dist\\server\\lib\\start-server.js',
    'C:\\Users\\Admin\\Desktop\\sharik-digital-site\\node_modules\\next\\dist\\cli\\next-start.js'
  ]
}
 ⨯ Error: Cannot find module 'C:\Users\Admin\Desktop\sharik-digital-site\.next\server\pages\_error.js'
Require stack:
- C:\Users\Admin\Desktop\sharik-digital-site\node_modules\next\dist\server\require.js
- C:\Users\Admin\Desktop\sharik-digital-site\node_modules\next\dist\server\next-server.js
- C:\Users\Admin\Desktop\sharik-digital-site\node_modules\next\dist\server\next.js
- C:\Users\Admin\Desktop\sharik-digital-site\node_modules\next\dist\server\lib\start-server.js
- C:\Users\Admin\Desktop\sharik-digital-site\node_modules\next\dist\cli\next-start.js
    at Function.<anonymous> (node:internal/modules/cjs/loader:1383:15)
    at C:\Users\Admin\Desktop\sharik-digital-site\node_modules\next\dist\server\require-hook.js:55:36
    at defaultResolveImpl (node:internal/modules/cjs/loader:1025:19)
    at resolveForCJSWithHooks (node:internal/modules/cjs/loader:1030:22)
    at Function._load (node:internal/modules/cjs/loader:1192:37)
    at TracingChannel.traceSync (node:diagnostics_channel:322:14)
    at wrapModuleLoad (node:internal/modules/cjs/loader:237:24)
    at Module.<anonymous> (node:internal/modules/cjs/loader:1463:12)
    at mod.require (C:\Users\Admin\Desktop\sharik-digital-site\node_modules\next\dist\server\require-hook.js:65:28)
    at require (node:internal/modules/helpers:147:16) {
  code: 'MODULE_NOT_FOUND',
  requireStack: [
    'C:\\Users\\Admin\\Desktop\\sharik-digital-site\\node_modules\\next\\dist\\server\\require.js',
    'C:\\Users\\Admin\\Desktop\\sharik-digital-site\\node_modules\\next\\dist\\server\\next-server.js',
    'C:\\Users\\Admin\\Desktop\\sharik-digital-site\\node_modules\\next\\dist\\server\\next.js',
    'C:\\Users\\Admin\\Desktop\\sharik-digital-site\\node_modules\\next\\dist\\server\\lib\\start-server.js',
    'C:\\Users\\Admin\\Desktop\\sharik-digital-site\\node_modules\\next\\dist\\cli\\next-start.js'
  ]
}
 ⨯ Error: Cannot find module 'C:\Users\Admin\Desktop\sharik-digital-site\.next\server\app\_not-found\page.js'
Require stack:
- C:\Users\Admin\Desktop\sharik-digital-site\node_modules\next\dist\server\require.js
- C:\Users\Admin\Desktop\sharik-digital-site\node_modules\next\dist\server\next-server.js
- C:\Users\Admin\Desktop\sharik-digital-site\node_modules\next\dist\server\next.js
- C:\Users\Admin\Desktop\sharik-digital-site\node_modules\next\dist\server\lib\start-server.js
- C:\Users\Admin\Desktop\sharik-digital-site\node_modules\next\dist\cli\next-start.js
    at Function.<anonymous> (node:internal/modules/cjs/loader:1383:15)
    at C:\Users\Admin\Desktop\sharik-digital-site\node_modules\next\dist\server\require-hook.js:55:36
    at defaultResolveImpl (node:internal/modules/cjs/loader:1025:19)
    at resolveForCJSWithHooks (node:internal/modules/cjs/loader:1030:22)
    at Function._load (node:internal/modules/cjs/loader:1192:37)
    at TracingChannel.traceSync (node:diagnostics_channel:322:14)
    at wrapModuleLoad (node:internal/modules/cjs/loader:237:24)
    at Module.<anonymous> (node:internal/modules/cjs/loader:1463:12)
    at mod.require (C:\Users\Admin\Desktop\sharik-digital-site\node_modules\next\dist\server\require-hook.js:65:28)
    at require (node:internal/modules/helpers:147:16) {
  code: 'MODULE_NOT_FOUND',
  requireStack: [
    'C:\\Users\\Admin\\Desktop\\sharik-digital-site\\node_modules\\next\\dist\\server\\require.js',
    'C:\\Users\\Admin\\Desktop\\sharik-digital-site\\node_modules\\next\\dist\\server\\next-server.js',
    'C:\\Users\\Admin\\Desktop\\sharik-digital-site\\node_modules\\next\\dist\\server\\next.js',
    'C:\\Users\\Admin\\Desktop\\sharik-digital-site\\node_modules\\next\\dist\\server\\lib\\start-server.js',
    'C:\\Users\\Admin\\Desktop\\sharik-digital-site\\node_modules\\next\\dist\\cli\\next-start.js'
  ]
}
